2026-04-29 20:49:11,671 [INFO] App Version: 2026+1182b3f
2026-04-29 20:49:11,674 [INFO] Python Version: 3.14.4 (v3.14.4:23116f998f6, Apr  7 2026, 09:45:22) [Clang 17.0.0 (clang-1700.6.4.2)]
2026-04-29 20:49:12,830 [INFO] Sie verwenden die neueste Version: 2026+1182b3f (verglichen mit 1182b3f im Kanal latest)
2026-04-29 20:49:12,834 [INFO] Suche nach Anzeigendateien...
2026-04-29 20:49:12,838 [INFO] -> 3 Anzeigendateien gefunden
2026-04-29 20:49:12,844 [ERROR] No images found for given file patterns ['images/1EEF92D3-CBAF-4001-8727-4F8BFB9469DF.webp'] at /Users/aymen/Documents/apps/selling-stuff/ads
2026-04-29 20:49:49,508 [INFO] App Version: 2026+1182b3f
2026-04-29 20:49:49,510 [INFO] Python Version: 3.14.4 (v3.14.4:23116f998f6, Apr  7 2026, 09:45:22) [Clang 17.0.0 (clang-1700.6.4.2)]
2026-04-29 20:49:49,630 [INFO] Suche nach Anzeigendateien...
2026-04-29 20:49:49,633 [INFO] -> 3 Anzeigendateien gefunden
2026-04-29 20:49:49,640 [ERROR] Unsupported image file type [../images/1EEF92D3-CBAF-4001-8727-4F8BFB9469DF.webp]
2026-04-29 20:50:48,256 [INFO] App Version: 2026+1182b3f
2026-04-29 20:50:48,259 [INFO] Python Version: 3.14.4 (v3.14.4:23116f998f6, Apr  7 2026, 09:45:22) [Clang 17.0.0 (clang-1700.6.4.2)]
2026-04-29 20:50:48,361 [INFO] Suche nach Anzeigendateien...
2026-04-29 20:50:48,365 [INFO] -> 3 Anzeigendateien gefunden
2026-04-29 20:50:48,370 [INFO]  -> GELADEN: Anzeige [./ads/ad_anker_power_bank.yaml]
2026-04-29 20:50:48,375 [INFO]  -> GELADEN: Anzeige [./ads/ad_apple_magic_trackpad.yaml]
2026-04-29 20:50:48,380 [INFO]  -> GELADEN: Anzeige [./ads/ad_nintendo_switch.yaml]
2026-04-29 20:50:48,383 [INFO] 3 Anzeigen geladen
2026-04-29 20:50:48,385 [INFO] Vorschau automatische Preisreduzierung für [ads/ad_anker_power_bank.yaml] (publish): deaktiviert
2026-04-29 20:50:48,387 [INFO] Vorschau automatische Preisreduzierung für [ads/ad_anker_power_bank.yaml] (update): deaktiviert
2026-04-29 20:50:48,389 [INFO] Vorschau automatische Preisreduzierung für [ads/ad_apple_magic_trackpad.yaml] (publish): deaktiviert
2026-04-29 20:50:48,390 [INFO] Vorschau automatische Preisreduzierung für [ads/ad_apple_magic_trackpad.yaml] (update): deaktiviert
2026-04-29 20:50:48,392 [INFO] Vorschau automatische Preisreduzierung für [ads/ad_nintendo_switch.yaml] (publish): deaktiviert
2026-04-29 20:50:48,394 [INFO] Vorschau automatische Preisreduzierung für [ads/ad_nintendo_switch.yaml] (update): deaktiviert
2026-04-29 20:50:48,395 [INFO] ############################################
2026-04-29 20:50:48,397 [INFO] FERTIG: Keine Konfigurationsfehler gefunden.
2026-04-29 20:50:48,398 [INFO] ############################################
2026-04-29 20:52:14,219 [INFO] App Version: 2026+1182b3f
2026-04-29 20:52:14,222 [INFO] Python Version: 3.14.4 (v3.14.4:23116f998f6, Apr  7 2026, 09:45:22) [Clang 17.0.0 (clang-1700.6.4.2)]
2026-04-29 20:52:14,319 [INFO] Suche nach Anzeigendateien...
2026-04-29 20:52:14,322 [INFO] -> 3 Anzeigendateien gefunden
2026-04-29 20:52:14,328 [INFO]  -> GELADEN: Anzeige [./ads/ad_anker_power_bank.yaml]
2026-04-29 20:52:14,331 [INFO]  -> ÜBERSPRUNGEN: inaktive Anzeige [./ads/ad_apple_magic_trackpad.yaml]
2026-04-29 20:52:14,335 [INFO]  -> ÜBERSPRUNGEN: inaktive Anzeige [./ads/ad_nintendo_switch.yaml]
2026-04-29 20:52:14,338 [INFO] 1 Anzeige geladen
2026-04-29 20:52:14,340 [INFO] Erstelle Browser-Sitzung...
2026-04-29 20:52:14,342 [INFO]  -> Browser-Programmpfad: /Applications/Google Chrome.app/Contents/MacOS/Google Chrome
2026-04-29 20:52:24,531 [INFO]  -> Browser-Benutzerdatenverzeichnis: /Users/aymen/Documents/apps/selling-stuff/.temp/browser-profile
2026-04-29 20:52:24,537 [INFO]  -> Setze Chrome-Einstellungen [/Users/aymen/Documents/apps/selling-stuff/.temp/browser-profile/Default/Preferences]...
2026-04-29 20:52:27,352 [ERROR] Fehler beim Starten des Browsers. Dieser Fehler tritt häufig auf, wenn:
2026-04-29 20:52:27,355 [ERROR] 1. Als Root-Benutzer ausgeführt wird (versuchen Sie es als normaler Benutzer)
2026-04-29 20:52:27,358 [ERROR] 2. Das Browser-Profil gesperrt oder von einem anderen Prozess verwendet wird
2026-04-29 20:52:27,361 [ERROR] 3. Unzureichende Berechtigungen für den Zugriff auf das Browser-Profil
2026-04-29 20:52:27,364 [ERROR] 4. Die Browser-Binärdatei nicht ausführbar oder fehlend ist
2026-04-29 20:52:27,367 [ERROR] 
2026-04-29 20:52:27,372 [ERROR] Schritte zur Fehlerbehebung:
2026-04-29 20:52:27,375 [ERROR] 1. Schließen Sie alle Browser-Instanzen und versuchen Sie es erneut
2026-04-29 20:52:27,378 [ERROR] 2. Entfernen Sie die user_data_dir-Konfiguration vorübergehend
2026-04-29 20:52:27,381 [ERROR] 3. Versuchen Sie es ohne Profil-Konfiguration
2026-04-29 20:52:27,384 [ERROR] 4. Überprüfen Sie die Browser-Binärdatei-Berechtigungen: /Applications/Google Chrome.app/Contents/MacOS/Google Chrome
2026-04-29 20:52:27,388 [ERROR] 5. Überprüfen Sie, ob Antiviren- oder Sicherheitssoftware den Browser blockiert
2026-04-29 20:52:27,390 [ERROR] Exception: 
                ---------------------
                Failed to connect to browser
                ---------------------
                One of the causes could be when you are running as root.
                In that case you need to pass no_sandbox=True 
                
2026-04-29 20:53:37,814 [INFO] App Version: 2026+1182b3f
2026-04-29 20:53:37,818 [INFO] Python Version: 3.14.4 (v3.14.4:23116f998f6, Apr  7 2026, 09:45:22) [Clang 17.0.0 (clang-1700.6.4.2)]
2026-04-29 20:53:37,912 [INFO] Suche nach Anzeigendateien...
2026-04-29 20:53:37,915 [INFO] -> 3 Anzeigendateien gefunden
2026-04-29 20:53:37,921 [INFO]  -> GELADEN: Anzeige [./ads/ad_anker_power_bank.yaml]
2026-04-29 20:53:37,924 [INFO]  -> ÜBERSPRUNGEN: inaktive Anzeige [./ads/ad_apple_magic_trackpad.yaml]
2026-04-29 20:53:37,928 [INFO]  -> ÜBERSPRUNGEN: inaktive Anzeige [./ads/ad_nintendo_switch.yaml]
2026-04-29 20:53:37,931 [INFO] 1 Anzeige geladen
2026-04-29 20:53:37,933 [INFO] Erstelle Browser-Sitzung...
2026-04-29 20:53:37,934 [INFO]  -> Browser-Programmpfad: /Applications/Google Chrome.app/Contents/MacOS/Google Chrome
2026-04-29 20:53:38,027 [INFO]  -> Chrome 136+ erkannt: Chrome 147.0.7727.117 (major: 147)
2026-04-29 20:53:38,032 [INFO]  -> Chrome 136+ Konfigurationsvalidierung bestanden
2026-04-29 20:53:38,035 [INFO]  -> Browser-Benutzerdatenverzeichnis: /Users/aymen/Documents/apps/selling-stuff/.temp/browser-profile
2026-04-29 20:53:40,900 [ERROR] Fehler beim Starten des Browsers. Dieser Fehler tritt häufig auf, wenn:
2026-04-29 20:53:40,906 [ERROR] 1. Als Root-Benutzer ausgeführt wird (versuchen Sie es als normaler Benutzer)
2026-04-29 20:53:40,911 [ERROR] 2. Das Browser-Profil gesperrt oder von einem anderen Prozess verwendet wird
2026-04-29 20:53:40,916 [ERROR] 3. Unzureichende Berechtigungen für den Zugriff auf das Browser-Profil
2026-04-29 20:53:40,920 [ERROR] 4. Die Browser-Binärdatei nicht ausführbar oder fehlend ist
2026-04-29 20:53:40,924 [ERROR] 
2026-04-29 20:53:40,928 [ERROR] Schritte zur Fehlerbehebung:
2026-04-29 20:53:40,931 [ERROR] 1. Schließen Sie alle Browser-Instanzen und versuchen Sie es erneut
2026-04-29 20:53:40,935 [ERROR] 2. Entfernen Sie die user_data_dir-Konfiguration vorübergehend
2026-04-29 20:53:40,938 [ERROR] 3. Versuchen Sie es ohne Profil-Konfiguration
2026-04-29 20:53:40,942 [ERROR] 4. Überprüfen Sie die Browser-Binärdatei-Berechtigungen: /Applications/Google Chrome.app/Contents/MacOS/Google Chrome
2026-04-29 20:53:40,945 [ERROR] 5. Überprüfen Sie, ob Antiviren- oder Sicherheitssoftware den Browser blockiert
2026-04-29 20:53:40,947 [ERROR] Exception: 
                ---------------------
                Failed to connect to browser
                ---------------------
                One of the causes could be when you are running as root.
                In that case you need to pass no_sandbox=True 
                
2026-04-29 20:54:13,675 [INFO] App Version: 2026+1182b3f
2026-04-29 20:54:13,677 [INFO] Python Version: 3.14.4 (v3.14.4:23116f998f6, Apr  7 2026, 09:45:22) [Clang 17.0.0 (clang-1700.6.4.2)]
2026-04-29 20:54:13,769 [INFO] === Browser-Verbindungsdiagnose ===
2026-04-29 20:54:13,771 [INFO] (Ok) Automatisch erkannter Browser: /Applications/Google Chrome.app/Contents/MacOS/Google Chrome
2026-04-29 20:54:13,773 [INFO] (Ok) Benutzerdatenverzeichnis existiert: /Users/aymen/Documents/apps/selling-stuff/.temp/browser-profile
2026-04-29 20:54:13,775 [INFO] (Ok) Benutzerdatenverzeichnis ist lesbar und beschreibbar
2026-04-29 20:54:13,811 [INFO] (Info) 6 Browser-Prozesse aktiv gefunden
2026-04-29 20:54:13,813 [INFO]   - PID 88582: Google Chrome (Remote-Debugging aktiviert)
2026-04-29 20:54:13,815 [WARNING]   - PID 88688: Google Chrome Helper (Remote-Debugging NICHT aktiviert)
2026-04-29 20:54:13,817 [WARNING]   - PID 88689: Google Chrome Helper (Remote-Debugging NICHT aktiviert)
2026-04-29 20:54:13,904 [INFO] (Info) Chrome-Version von Binärdatei: 147.0.7727.117 (Hauptversion: 147)
2026-04-29 20:54:13,907 [INFO] (Info) Chrome 136+ erkannt - Sicherheitsvalidierung erforderlich
2026-04-29 20:54:13,909 [INFO] (Info) Chrome/Edge 136+ Sicherheitsänderungen erfordern --user-data-dir für Remote-Debugging
2026-04-29 20:54:13,911 [INFO]   Siehe: https://developer.chrome.com/blog/remote-debugging-port
2026-04-29 20:54:13,914 [INFO] === Ende der Diagnose ===
2026-04-29 20:57:07,205 [INFO] App Version: 2026+1182b3f
2026-04-29 20:57:07,208 [INFO] Python Version: 3.14.4 (v3.14.4:23116f998f6, Apr  7 2026, 09:45:22) [Clang 17.0.0 (clang-1700.6.4.2)]
2026-04-29 20:57:07,325 [INFO] Suche nach Anzeigendateien...
2026-04-29 20:57:07,329 [INFO] -> 3 Anzeigendateien gefunden
2026-04-29 20:57:07,334 [INFO]  -> GELADEN: Anzeige [./ads/ad_anker_power_bank.yaml]
2026-04-29 20:57:07,338 [INFO]  -> ÜBERSPRUNGEN: inaktive Anzeige [./ads/ad_apple_magic_trackpad.yaml]
2026-04-29 20:57:07,341 [INFO]  -> ÜBERSPRUNGEN: inaktive Anzeige [./ads/ad_nintendo_switch.yaml]
2026-04-29 20:57:07,344 [INFO] 1 Anzeige geladen
2026-04-29 20:57:07,346 [INFO] Erstelle Browser-Sitzung...
2026-04-29 20:57:07,348 [INFO]  -> Browser-Programmpfad: /Applications/Google Chrome.app/Contents/MacOS/Google Chrome
2026-04-29 20:57:07,528 [INFO]  -> Chrome 136+ erkannt: Chrome 147.0.7727.117 (major: 147)
2026-04-29 20:57:07,531 [INFO]  -> Chrome 136+ Konfigurationsvalidierung bestanden
2026-04-29 20:57:07,534 [INFO]  -> Browser-Benutzerdatenverzeichnis: /Users/aymen/Documents/apps/selling-stuff/.temp/browser-profile
2026-04-29 20:57:10,355 [ERROR] Fehler beim Starten des Browsers. Dieser Fehler tritt häufig auf, wenn:
2026-04-29 20:57:10,359 [ERROR] 1. Als Root-Benutzer ausgeführt wird (versuchen Sie es als normaler Benutzer)
2026-04-29 20:57:10,363 [ERROR] 2. Das Browser-Profil gesperrt oder von einem anderen Prozess verwendet wird
2026-04-29 20:57:10,366 [ERROR] 3. Unzureichende Berechtigungen für den Zugriff auf das Browser-Profil
2026-04-29 20:57:10,370 [ERROR] 4. Die Browser-Binärdatei nicht ausführbar oder fehlend ist
2026-04-29 20:57:10,373 [ERROR] 
2026-04-29 20:57:10,376 [ERROR] Schritte zur Fehlerbehebung:
2026-04-29 20:57:10,379 [ERROR] 1. Schließen Sie alle Browser-Instanzen und versuchen Sie es erneut
2026-04-29 20:57:10,382 [ERROR] 2. Entfernen Sie die user_data_dir-Konfiguration vorübergehend
2026-04-29 20:57:10,384 [ERROR] 3. Versuchen Sie es ohne Profil-Konfiguration
2026-04-29 20:57:10,387 [ERROR] 4. Überprüfen Sie die Browser-Binärdatei-Berechtigungen: /Applications/Google Chrome.app/Contents/MacOS/Google Chrome
2026-04-29 20:57:10,390 [ERROR] 5. Überprüfen Sie, ob Antiviren- oder Sicherheitssoftware den Browser blockiert
2026-04-29 20:57:10,392 [ERROR] Exception: 
                ---------------------
                Failed to connect to browser
                ---------------------
                One of the causes could be when you are running as root.
                In that case you need to pass no_sandbox=True 
                
2026-04-29 20:58:03,188 [INFO] App Version: 2026+1182b3f
2026-04-29 20:58:03,191 [INFO] Python Version: 3.14.4 (v3.14.4:23116f998f6, Apr  7 2026, 09:45:22) [Clang 17.0.0 (clang-1700.6.4.2)]
2026-04-29 20:58:03,193 [DEBUG] Loading Konfiguration from [/Users/aymen/Documents/apps/selling-stuff/config.yaml]...
2026-04-29 20:58:03,198 [DEBUG] Timing collection initialized (session=b058aff6, output_dir=/Users/aymen/Documents/apps/selling-stuff/.temp/timing, command=publish)
2026-04-29 20:58:03,198 [DEBUG] Loading [kleinanzeigen_bot.resources.categories.yaml]...
2026-04-29 20:58:03,270 [DEBUG] Loaded 521 categories from categories.yaml
2026-04-29 20:58:03,271 [DEBUG] Loading [kleinanzeigen_bot.resources.categories_old.yaml]...
2026-04-29 20:58:03,288 [DEBUG] Loaded 145 categories from categories_old.yaml
2026-04-29 20:58:03,288 [DEBUG] Loaded 665 categories in total
2026-04-29 20:58:03,289 [DEBUG] Loading [/Users/aymen/Documents/apps/selling-stuff/.temp/update_check_state.json]...
2026-04-29 20:58:03,291 [INFO] Suche nach Anzeigendateien...
2026-04-29 20:58:03,295 [INFO] -> 3 Anzeigendateien gefunden
2026-04-29 20:58:03,296 [DEBUG] Loading ad from [/Users/aymen/Documents/apps/selling-stuff/ads/ad_anker_power_bank.yaml]...
2026-04-29 20:58:03,301 [INFO]  -> GELADEN: Anzeige [./ads/ad_anker_power_bank.yaml]
2026-04-29 20:58:03,302 [DEBUG] Loading ad from [/Users/aymen/Documents/apps/selling-stuff/ads/ad_apple_magic_trackpad.yaml]...
2026-04-29 20:58:03,305 [INFO]  -> ÜBERSPRUNGEN: inaktive Anzeige [./ads/ad_apple_magic_trackpad.yaml]
2026-04-29 20:58:03,307 [DEBUG] Loading ad from [/Users/aymen/Documents/apps/selling-stuff/ads/ad_nintendo_switch.yaml]...
2026-04-29 20:58:03,309 [INFO]  -> ÜBERSPRUNGEN: inaktive Anzeige [./ads/ad_nintendo_switch.yaml]
2026-04-29 20:58:03,313 [INFO] 1 Anzeige geladen
2026-04-29 20:58:03,315 [INFO] Erstelle Browser-Sitzung...
2026-04-29 20:58:03,317 [INFO]  -> Browser-Programmpfad: /Applications/Google Chrome.app/Contents/MacOS/Google Chrome
2026-04-29 20:58:03,319 [DEBUG]  -> No remote browser detected, trying binary detection
2026-04-29 20:58:03,417 [INFO]  -> Chrome 136+ erkannt: Chrome 147.0.7727.117 (major: 147)
2026-04-29 20:58:03,421 [INFO]  -> Chrome 136+ Konfigurationsvalidierung bestanden
2026-04-29 20:58:03,423 [INFO]  -> Browser-Benutzerdatenverzeichnis: /Users/aymen/Documents/apps/selling-stuff/.temp/browser-profile
2026-04-29 20:58:03,425 [DEBUG] Creating directory: /Users/aymen/Documents/apps/selling-stuff/.temp/browser-profile
2026-04-29 20:58:03,429 [INFO]  -> Setze Chrome-Einstellungen [/Users/aymen/Documents/apps/selling-stuff/.temp/browser-profile/Default/Preferences]...
2026-04-29 20:58:03,432 [INFO] starting
	executable :/Applications/Google Chrome.app/Contents/MacOS/Google Chrome

arguments:
--remote-allow-origins=*
	--no-first-run
	--no-service-autorun
	--no-default-browser-check
	--homepage=about:blank
	--no-pings
	--password-store=basic
	--disable-infobars
	--disable-breakpad
	--disable-dev-shm-usage
	--disable-session-crashed-bubble
	--disable-search-engine-choice-screen
	--user-data-dir=/Users/aymen/Documents/apps/selling-stuff/.temp/browser-profile
	--disable-session-crashed-bubble
	--disable-features=IsolateOrigins,site-per-process
	--disable-crash-reporter
	--disable-domain-reliability
	--disable-sync
	--no-experiments
	--disable-features=MediaRouter
	--use-mock-keychain
	--test-type
	--host-resolver-rules="MAP connect.facebook.net 127.0.0.1, MAP securepubads.g.doubleclick.net 127.0.0.1, MAP www.googletagmanager.com 127.0.0.1"
	--remote-debugging-host=127.0.0.1
	--remote-debugging-port=51090
2026-04-29 20:58:06,250 [ERROR] Fehler beim Starten des Browsers. Dieser Fehler tritt häufig auf, wenn:
2026-04-29 20:58:06,255 [ERROR] 1. Als Root-Benutzer ausgeführt wird (versuchen Sie es als normaler Benutzer)
2026-04-29 20:58:06,259 [ERROR] 2. Das Browser-Profil gesperrt oder von einem anderen Prozess verwendet wird
2026-04-29 20:58:06,262 [ERROR] 3. Unzureichende Berechtigungen für den Zugriff auf das Browser-Profil
2026-04-29 20:58:06,265 [ERROR] 4. Die Browser-Binärdatei nicht ausführbar oder fehlend ist
2026-04-29 20:58:06,269 [ERROR] 
2026-04-29 20:58:06,272 [ERROR] Schritte zur Fehlerbehebung:
2026-04-29 20:58:06,275 [ERROR] 1. Schließen Sie alle Browser-Instanzen und versuchen Sie es erneut
2026-04-29 20:58:06,278 [ERROR] 2. Entfernen Sie die user_data_dir-Konfiguration vorübergehend
2026-04-29 20:58:06,281 [ERROR] 3. Versuchen Sie es ohne Profil-Konfiguration
2026-04-29 20:58:06,284 [ERROR] 4. Überprüfen Sie die Browser-Binärdatei-Berechtigungen: /Applications/Google Chrome.app/Contents/MacOS/Google Chrome
2026-04-29 20:58:06,287 [ERROR] 5. Überprüfen Sie, ob Antiviren- oder Sicherheitssoftware den Browser blockiert
2026-04-29 20:58:06,288 [DEBUG] Timing collection enabled but no records captured in this run
2026-04-29 20:58:06,291 [ERROR] Traceback (most recent call last):
  File "kleinanzeigen_bot/__init__.py", line 3837, in main
  File "asyncio/base_events.py", line 719, in run_until_complete
  File "kleinanzeigen_bot/__init__.py", line 916, in run
  File "kleinanzeigen_bot/utils/web_scraping_mixin.py", line 584, in create_browser_session
  File "nodriver/core/util.py", line 101, in start
  File "nodriver/core/browser.py", line 95, in create
  File "nodriver/core/browser.py", line 425, in start
Exception: 
                ---------------------
                Failed to connect to browser
                ---------------------
                One of the causes could be when you are running as root.
                In that case you need to pass no_sandbox=True 
                

2026-04-29 21:01:23,092 [INFO] App Version: 2026+1182b3f
2026-04-29 21:01:23,095 [INFO] Python Version: 3.14.4 (v3.14.4:23116f998f6, Apr  7 2026, 09:45:22) [Clang 17.0.0 (clang-1700.6.4.2)]
2026-04-29 21:01:23,199 [INFO] Suche nach Anzeigendateien...
2026-04-29 21:01:23,202 [INFO] -> 3 Anzeigendateien gefunden
2026-04-29 21:01:23,208 [INFO]  -> GELADEN: Anzeige [./ads/ad_anker_power_bank.yaml]
2026-04-29 21:01:23,212 [INFO]  -> ÜBERSPRUNGEN: inaktive Anzeige [./ads/ad_apple_magic_trackpad.yaml]
2026-04-29 21:01:23,215 [INFO]  -> ÜBERSPRUNGEN: inaktive Anzeige [./ads/ad_nintendo_switch.yaml]
2026-04-29 21:01:23,218 [INFO] 1 Anzeige geladen
2026-04-29 21:01:23,220 [INFO] Erstelle Browser-Sitzung...
2026-04-29 21:01:23,222 [INFO]  -> Browser-Programmpfad: /Applications/Google Chrome.app/Contents/MacOS/Google Chrome
2026-04-29 21:01:23,319 [INFO]  -> Chrome 136+ erkannt: Chrome 147.0.7727.117 (major: 147)
2026-04-29 21:01:23,321 [INFO]  -> Chrome 136+ Konfigurationsvalidierung bestanden
2026-04-29 21:01:23,324 [INFO]  -> Browser-Benutzerdatenverzeichnis: /Users/aymen/Documents/apps/selling-stuff/.temp/browser-profile
2026-04-29 21:01:26,140 [ERROR] Fehler beim Starten des Browsers. Dieser Fehler tritt häufig auf, wenn:
2026-04-29 21:01:26,143 [ERROR] 1. Als Root-Benutzer ausgeführt wird (versuchen Sie es als normaler Benutzer)
2026-04-29 21:01:26,146 [ERROR] 2. Das Browser-Profil gesperrt oder von einem anderen Prozess verwendet wird
2026-04-29 21:01:26,149 [ERROR] 3. Unzureichende Berechtigungen für den Zugriff auf das Browser-Profil
2026-04-29 21:01:26,152 [ERROR] 4. Die Browser-Binärdatei nicht ausführbar oder fehlend ist
2026-04-29 21:01:26,154 [ERROR] 
2026-04-29 21:01:26,157 [ERROR] Schritte zur Fehlerbehebung:
2026-04-29 21:01:26,160 [ERROR] 1. Schließen Sie alle Browser-Instanzen und versuchen Sie es erneut
2026-04-29 21:01:26,163 [ERROR] 2. Entfernen Sie die user_data_dir-Konfiguration vorübergehend
2026-04-29 21:01:26,166 [ERROR] 3. Versuchen Sie es ohne Profil-Konfiguration
2026-04-29 21:01:26,168 [ERROR] 4. Überprüfen Sie die Browser-Binärdatei-Berechtigungen: /Applications/Google Chrome.app/Contents/MacOS/Google Chrome
2026-04-29 21:01:26,172 [ERROR] 5. Überprüfen Sie, ob Antiviren- oder Sicherheitssoftware den Browser blockiert
2026-04-29 21:01:26,174 [ERROR] Exception: 
                ---------------------
                Failed to connect to browser
                ---------------------
                One of the causes could be when you are running as root.
                In that case you need to pass no_sandbox=True 
                
